../Core/Src/main.c:111:6:HAL_UART_RxCpltCallback	16	static
../Core/Src/main.c:179:6:HAL_UART_ErrorCallback	16	static
../Core/Src/main.c:191:5:main	104	static
../Core/Src/main.c:290:6:SystemClock_Config	88	static
../Core/Src/main.c:337:13:MX_ADC1_Init	24	static
../Core/Src/main.c:420:13:MX_TIM1_Init	96	static
../Core/Src/main.c:499:13:MX_TIM3_Init	32	static
../Core/Src/main.c:544:13:MX_USART3_UART_Init	8	static
../Core/Src/main.c:575:13:MX_DMA_Init	16	static
../Core/Src/main.c:593:13:MX_GPIO_Init	24	static
../Core/Src/main.c:610:6:Read_And_Filter_Sensors	56	static
../Core/Src/main.c:658:6:Run_Charge_Controller	32	static
../Core/Src/main.c:748:6:Run_AC_DC_Controller	40	static
../Core/Src/main.c:825:6:Print_System_Status	208	static
../Core/Src/main.c:869:6:HAL_ADC_ConvCpltCallback	16	static
../Core/Src/main.c:888:6:Error_Handler	4	static,ignoring_inline_asm
